d:\wecheat\3rd\zydis\msvc\bin\releasex64\zycore.pdb
d:\wecheat\3rd\zydis\msvc\dependencies\zycore\obj\zycore-x64-release mt\zycore.obj
d:\wecheat\3rd\zydis\msvc\dependencies\zycore\obj\zycore-x64-release mt\vector.obj
d:\wecheat\3rd\zydis\msvc\dependencies\zycore\obj\zycore-x64-release mt\string.obj
d:\wecheat\3rd\zydis\msvc\dependencies\zycore\obj\zycore-x64-release mt\list.obj
d:\wecheat\3rd\zydis\msvc\dependencies\zycore\obj\zycore-x64-release mt\format.obj
d:\wecheat\3rd\zydis\msvc\dependencies\zycore\obj\zycore-x64-release mt\bitset.obj
d:\wecheat\3rd\zydis\msvc\dependencies\zycore\obj\zycore-x64-release mt\argparse.obj
d:\wecheat\3rd\zydis\msvc\dependencies\zycore\obj\zycore-x64-release mt\thread.obj
d:\wecheat\3rd\zydis\msvc\dependencies\zycore\obj\zycore-x64-release mt\terminal.obj
d:\wecheat\3rd\zydis\msvc\dependencies\zycore\obj\zycore-x64-release mt\synchronization.obj
d:\wecheat\3rd\zydis\msvc\dependencies\zycore\obj\zycore-x64-release mt\process.obj
d:\wecheat\3rd\zydis\msvc\dependencies\zycore\obj\zycore-x64-release mt\memory.obj
d:\wecheat\3rd\zydis\msvc\dependencies\zycore\obj\zycore-x64-release mt\allocator.obj
d:\wecheat\lib\zycore_x64.pdb
d:\wecheat\lib\zycore_x64.lib
d:\wecheat\3rd\zydis\msvc\dependencies\zycore\obj\zycore-x64-release mt\versioninfo.res
d:\wecheat\3rd\zydis\msvc\dependencies\zycore\obj\zycore-x64-release mt\zycore.tlog\cl.command.1.tlog
d:\wecheat\3rd\zydis\msvc\dependencies\zycore\obj\zycore-x64-release mt\zycore.tlog\cl.read.1.tlog
d:\wecheat\3rd\zydis\msvc\dependencies\zycore\obj\zycore-x64-release mt\zycore.tlog\cl.write.1.tlog
d:\wecheat\3rd\zydis\msvc\dependencies\zycore\obj\zycore-x64-release mt\zycore.tlog\clang-cl.12824.delete.1.tlog
d:\wecheat\3rd\zydis\msvc\dependencies\zycore\obj\zycore-x64-release mt\zycore.tlog\clang-cl.12824.write.1.tlog
d:\wecheat\3rd\zydis\msvc\dependencies\zycore\obj\zycore-x64-release mt\zycore.tlog\clang-cl.14120.delete.1.tlog
d:\wecheat\3rd\zydis\msvc\dependencies\zycore\obj\zycore-x64-release mt\zycore.tlog\clang-cl.20468.delete.1.tlog
d:\wecheat\3rd\zydis\msvc\dependencies\zycore\obj\zycore-x64-release mt\zycore.tlog\clang-cl.22060.delete.1.tlog
d:\wecheat\3rd\zydis\msvc\dependencies\zycore\obj\zycore-x64-release mt\zycore.tlog\clang-cl.22632.delete.1.tlog
d:\wecheat\3rd\zydis\msvc\dependencies\zycore\obj\zycore-x64-release mt\zycore.tlog\clang-cl.28932.delete.1.tlog
d:\wecheat\3rd\zydis\msvc\dependencies\zycore\obj\zycore-x64-release mt\zycore.tlog\clang-cl.29252.delete.1.tlog
d:\wecheat\3rd\zydis\msvc\dependencies\zycore\obj\zycore-x64-release mt\zycore.tlog\clang-cl.29324.delete.1.tlog
d:\wecheat\3rd\zydis\msvc\dependencies\zycore\obj\zycore-x64-release mt\zycore.tlog\clang-cl.30908.delete.1.tlog
d:\wecheat\3rd\zydis\msvc\dependencies\zycore\obj\zycore-x64-release mt\zycore.tlog\clang-cl.31244.delete.1.tlog
d:\wecheat\3rd\zydis\msvc\dependencies\zycore\obj\zycore-x64-release mt\zycore.tlog\clang-cl.31596.delete.1.tlog
d:\wecheat\3rd\zydis\msvc\dependencies\zycore\obj\zycore-x64-release mt\zycore.tlog\clang-cl.31876.delete.1.tlog
d:\wecheat\3rd\zydis\msvc\dependencies\zycore\obj\zycore-x64-release mt\zycore.tlog\clang-cl.31896.delete.1.tlog
d:\wecheat\3rd\zydis\msvc\dependencies\zycore\obj\zycore-x64-release mt\zycore.tlog\clang-cl.command.1.tlog
d:\wecheat\3rd\zydis\msvc\dependencies\zycore\obj\zycore-x64-release mt\zycore.tlog\clang-cl.read.1.tlog
d:\wecheat\3rd\zydis\msvc\dependencies\zycore\obj\zycore-x64-release mt\zycore.tlog\lib-link-cvtres.read.1.tlog
d:\wecheat\3rd\zydis\msvc\dependencies\zycore\obj\zycore-x64-release mt\zycore.tlog\lib-link-cvtres.write.1.tlog
d:\wecheat\3rd\zydis\msvc\dependencies\zycore\obj\zycore-x64-release mt\zycore.tlog\lib.command.1.tlog
d:\wecheat\3rd\zydis\msvc\dependencies\zycore\obj\zycore-x64-release mt\zycore.tlog\rc.command.1.tlog
d:\wecheat\3rd\zydis\msvc\dependencies\zycore\obj\zycore-x64-release mt\zycore.tlog\rc.read.1.tlog
d:\wecheat\3rd\zydis\msvc\dependencies\zycore\obj\zycore-x64-release mt\zycore.tlog\rc.write.1.tlog
