d:\wecheat\3rd\zydis\msvc\zydis\obj\zydis-x64-release mt\mnemonic.obj
d:\wecheat\3rd\zydis\msvc\zydis\obj\zydis-x64-release mt\utils.obj
d:\wecheat\3rd\zydis\msvc\zydis\obj\zydis-x64-release mt\segment.obj
d:\wecheat\3rd\zydis\msvc\zydis\obj\zydis-x64-release mt\decoderdata.obj
d:\wecheat\3rd\zydis\msvc\zydis\obj\zydis-x64-release mt\formatterintel.obj
d:\wecheat\3rd\zydis\msvc\zydis\obj\zydis-x64-release mt\shareddata.obj
d:\wecheat\3rd\zydis\msvc\zydis\obj\zydis-x64-release mt\decoder.obj
d:\wecheat\3rd\zydis\msvc\zydis\obj\zydis-x64-release mt\formatteratt.obj
d:\wecheat\3rd\zydis\msvc\zydis\obj\zydis-x64-release mt\encoder.obj
d:\wecheat\3rd\zydis\msvc\zydis\obj\zydis-x64-release mt\encoderdata.obj
d:\wecheat\3rd\zydis\msvc\zydis\obj\zydis-x64-release mt\formatter.obj
d:\wecheat\3rd\zydis\msvc\zydis\obj\zydis-x64-release mt\zydis.obj
d:\wecheat\3rd\zydis\msvc\zydis\obj\zydis-x64-release mt\disassembler.obj
d:\wecheat\3rd\zydis\msvc\zydis\obj\zydis-x64-release mt\metainfo.obj
d:\wecheat\3rd\zydis\msvc\zydis\obj\zydis-x64-release mt\formatterbuffer.obj
d:\wecheat\3rd\zydis\msvc\zydis\obj\zydis-x64-release mt\register.obj
d:\wecheat\3rd\zydis\msvc\zydis\obj\zydis-x64-release mt\formatterbase.obj
d:\wecheat\3rd\zydis\msvc\zydis\obj\zydis-x64-release mt\string.obj
d:\wecheat\lib\zydis_x64.lib
d:\wecheat\3rd\zydis\msvc\zydis\obj\zydis-x64-release mt\versioninfo.res
d:\wecheat\3rd\zydis\msvc\zydis\obj\zydis-x64-release mt\zydis.tlog\clang-cl.11512.delete.1.tlog
d:\wecheat\3rd\zydis\msvc\zydis\obj\zydis-x64-release mt\zydis.tlog\clang-cl.11512.write.1.tlog
d:\wecheat\3rd\zydis\msvc\zydis\obj\zydis-x64-release mt\zydis.tlog\clang-cl.14560.delete.1.tlog
d:\wecheat\3rd\zydis\msvc\zydis\obj\zydis-x64-release mt\zydis.tlog\clang-cl.20868.delete.1.tlog
d:\wecheat\3rd\zydis\msvc\zydis\obj\zydis-x64-release mt\zydis.tlog\clang-cl.21732.delete.1.tlog
d:\wecheat\3rd\zydis\msvc\zydis\obj\zydis-x64-release mt\zydis.tlog\clang-cl.22300.delete.1.tlog
d:\wecheat\3rd\zydis\msvc\zydis\obj\zydis-x64-release mt\zydis.tlog\clang-cl.22580.delete.1.tlog
d:\wecheat\3rd\zydis\msvc\zydis\obj\zydis-x64-release mt\zydis.tlog\clang-cl.22908.delete.1.tlog
d:\wecheat\3rd\zydis\msvc\zydis\obj\zydis-x64-release mt\zydis.tlog\clang-cl.24292.delete.1.tlog
d:\wecheat\3rd\zydis\msvc\zydis\obj\zydis-x64-release mt\zydis.tlog\clang-cl.25208.delete.1.tlog
d:\wecheat\3rd\zydis\msvc\zydis\obj\zydis-x64-release mt\zydis.tlog\clang-cl.25244.delete.1.tlog
d:\wecheat\3rd\zydis\msvc\zydis\obj\zydis-x64-release mt\zydis.tlog\clang-cl.28216.delete.1.tlog
d:\wecheat\3rd\zydis\msvc\zydis\obj\zydis-x64-release mt\zydis.tlog\clang-cl.28412.delete.1.tlog
d:\wecheat\3rd\zydis\msvc\zydis\obj\zydis-x64-release mt\zydis.tlog\clang-cl.28916.delete.1.tlog
d:\wecheat\3rd\zydis\msvc\zydis\obj\zydis-x64-release mt\zydis.tlog\clang-cl.30140.delete.1.tlog
d:\wecheat\3rd\zydis\msvc\zydis\obj\zydis-x64-release mt\zydis.tlog\clang-cl.30308.delete.1.tlog
d:\wecheat\3rd\zydis\msvc\zydis\obj\zydis-x64-release mt\zydis.tlog\clang-cl.31552.delete.1.tlog
d:\wecheat\3rd\zydis\msvc\zydis\obj\zydis-x64-release mt\zydis.tlog\clang-cl.31844.delete.1.tlog
d:\wecheat\3rd\zydis\msvc\zydis\obj\zydis-x64-release mt\zydis.tlog\clang-cl.7776.delete.1.tlog
d:\wecheat\3rd\zydis\msvc\zydis\obj\zydis-x64-release mt\zydis.tlog\clang-cl.command.1.tlog
d:\wecheat\3rd\zydis\msvc\zydis\obj\zydis-x64-release mt\zydis.tlog\clang-cl.read.1.tlog
d:\wecheat\3rd\zydis\msvc\zydis\obj\zydis-x64-release mt\zydis.tlog\lib-link-cvtres.read.1.tlog
d:\wecheat\3rd\zydis\msvc\zydis\obj\zydis-x64-release mt\zydis.tlog\lib-link-cvtres.write.1.tlog
d:\wecheat\3rd\zydis\msvc\zydis\obj\zydis-x64-release mt\zydis.tlog\lib.command.1.tlog
d:\wecheat\3rd\zydis\msvc\zydis\obj\zydis-x64-release mt\zydis.tlog\rc.command.1.tlog
d:\wecheat\3rd\zydis\msvc\zydis\obj\zydis-x64-release mt\zydis.tlog\rc.read.1.tlog
d:\wecheat\3rd\zydis\msvc\zydis\obj\zydis-x64-release mt\zydis.tlog\rc.write.1.tlog
